Emulation Parameters:
	number to arrive = 8
	lambda = 3.333
	mu = 0.5
	r = 3
	B = 7
	P = 5
00000000.000ms: emulation begins
00000307.093ms: p1 arrives, needs 5 tokens, inter-arrival time = 307.093ms
00000307.101ms: p1 enters Q1
00000351.149ms: token t1 arrives, token bucket now has 1 token 
00000624.746ms: p2 arrives, needs 5 tokens, inter-arrival time = 317.653ms
00000624.755ms: p2 enters Q1
00000701.105ms: token t2 arrives, token bucket now has 2 tokens
00000943.465ms: p3 arrives, needs 5 tokens, inter-arrival time = 318.719ms
00000943.474ms: p3 enters Q1
00001051.954ms: token t3 arrives, token bucket now has 3 tokens
00001261.374ms: p4 arrives, needs 5 tokens, inter-arrival time = 317.909ms
00001261.384ms: p4 enters Q1
00001401.271ms: token t4 arrives, token bucket now has 4 tokens
00001577.332ms: p5 arrives, needs 5 tokens, inter-arrival time = 315.958ms
00001577.360ms: p5 enters Q1
00001751.946ms: token t5 arrives, token bucket now has 5 tokens
00001751.959ms: p1 leaves Q1, time in Q1 = 1444.858ms, token bucket now has 0 token 
00001752.014ms: p1 enters Q2
00001752.064ms: p1 leaves Q2, time in Q2 = 0.050ms
00001752.074ms: p1 begin service at S1, requesting 2000ms of service
00001894.003ms: p6 arrives, needs 5 tokens, inter-arrival time = 316.671ms
00001894.028ms: p6 enters Q1
00002092.818ms: token t6 arrives, token bucket now has 1 token 
00002215.614ms: p7 arrives, needs 5 tokens, inter-arrival time = 321.611ms
00002215.624ms: p7 enters Q1
00002432.320ms: token t7 arrives, token bucket now has 2 tokens
00002531.561ms: p8 arrives, needs 5 tokens, inter-arrival time = 315.947ms
00002531.570ms: p8 enters Q1
00002782.258ms: token t8 arrives, token bucket now has 3 tokens
00003119.030ms: token t9 arrives, token bucket now has 4 tokens
00003469.062ms: token t10 arrives, token bucket now has 5 tokens
00003469.071ms: p2 leaves Q1, time in Q1 = 2844.316ms, token bucket now has 0 token 
00003469.075ms: p2 enters Q2
00003469.101ms: p2 leaves Q2, time in Q2 = 0.026ms
00003469.112ms: p2 begin service at S2, requesting 2000ms of service
00003757.990ms: p1 departs from S1, servie time = 2005.916ms, time in system = 3450.897ms
00003824.525ms: token t11 arrives, token bucket now has 1 token 
00004161.146ms: token t12 arrives, token bucket now has 2 tokens
00004502.629ms: token t13 arrives, token bucket now has 3 tokens
00004852.879ms: token t14 arrives, token bucket now has 4 tokens
00005203.691ms: token t15 arrives, token bucket now has 5 tokens
00005203.699ms: p3 leaves Q1, time in Q1 = 4260.225ms, token bucket now has 0 token 
00005203.703ms: p3 enters Q2
00005203.717ms: p3 leaves Q2, time in Q2 = 0.014ms
00005203.720ms: p3 begin service at S1, requesting 2000ms of service
00005477.396ms: p2 departs from S2, servie time = 2008.284ms, time in system = 4852.650ms
00005554.627ms: token t16 arrives, token bucket now has 1 token 
00005893.816ms: token t17 arrives, token bucket now has 2 tokens
00006243.772ms: token t18 arrives, token bucket now has 3 tokens
00006595.718ms: token t19 arrives, token bucket now has 4 tokens
00006929.738ms: token t20 arrives, token bucket now has 5 tokens
00006929.763ms: p4 leaves Q1, time in Q1 = 5668.379ms, token bucket now has 0 token 
00006929.766ms: p4 enters Q2
00006929.780ms: p4 leaves Q2, time in Q2 = 0.014ms
00006929.804ms: p4 begin service at S2, requesting 2000ms of service
00007207.978ms: p3 departs from S1, servie time = 2004.258ms, time in system = 6264.513ms
00007279.174ms: token t21 arrives, token bucket now has 1 token 
00007628.283ms: token t22 arrives, token bucket now has 2 tokens
00007978.549ms: token t23 arrives, token bucket now has 3 tokens
00008327.137ms: token t24 arrives, token bucket now has 4 tokens
00008676.372ms: token t25 arrives, token bucket now has 5 tokens
00008676.397ms: p5 leaves Q1, time in Q1 = 7099.037ms, token bucket now has 0 token 
00008676.419ms: p5 enters Q2
00008676.432ms: p5 leaves Q2, time in Q2 = 0.013ms
00008676.448ms: p5 begin service at S1, requesting 2000ms of service
00008942.039ms: p4 departs from S2, servie time = 2012.235ms, time in system = 7680.665ms
00009024.133ms: token t26 arrives, token bucket now has 1 token 
00009373.768ms: token t27 arrives, token bucket now has 2 tokens
00009740.351ms: token t28 arrives, token bucket now has 3 tokens
00010089.904ms: token t29 arrives, token bucket now has 4 tokens
00010439.767ms: token t30 arrives, token bucket now has 5 tokens
00010439.776ms: p6 leaves Q1, time in Q1 = 8545.748ms, token bucket now has 0 token 
00010439.780ms: p6 enters Q2
00010439.794ms: p6 leaves Q2, time in Q2 = 0.014ms
00010439.797ms: p6 begin service at S2, requesting 2000ms of service
00010706.081ms: p5 departs from S1, servie time = 2029.633ms, time in system = 9128.749ms
00010789.329ms: token t31 arrives, token bucket now has 1 token 
00011125.394ms: token t32 arrives, token bucket now has 2 tokens
00011474.461ms: token t33 arrives, token bucket now has 3 tokens
00011813.179ms: token t34 arrives, token bucket now has 4 tokens
00012152.984ms: token t35 arrives, token bucket now has 5 tokens
00012152.992ms: p7 leaves Q1, time in Q1 = 9937.368ms, token bucket now has 0 token 
00012152.996ms: p7 enters Q2
00012153.009ms: p7 leaves Q2, time in Q2 = 0.013ms
00012153.012ms: p7 begin service at S1, requesting 2000ms of service
00012456.087ms: p6 departs from S2, servie time = 2016.290ms, time in system = 10562.084ms
00012497.305ms: token t36 arrives, token bucket now has 1 token 
00012833.155ms: token t37 arrives, token bucket now has 2 tokens
00013182.686ms: token t38 arrives, token bucket now has 3 tokens
00013531.822ms: token t39 arrives, token bucket now has 4 tokens
00013889.870ms: token t40 arrives, token bucket now has 5 tokens
00013889.878ms: p8 leaves Q1, time in Q1 = 11358.308ms, token bucket now has 0 token 
00013889.881ms: p8 enters Q2
00013889.894ms: p8 leaves Q2, time in Q2 = 0.013ms
00013889.897ms: p8 begin service at S2, requesting 2000ms of service
00014169.222ms: p7 departs from S1, servie time = 2016.210ms, time in system = 11953.608ms
00015901.427ms: p8 departs from S2, servie time = 2011.530ms, time in system = 13369.866ms
00015901.529ms: emulation ends

Statistics:

	average packet inter-arrival time time = 0.31644512
	average packet service time = 2.0130445

	average number of packets in Q1 = 3.2171899
	average number of packets in Q2 = 9.873261e-06
	average number of packets in S1 = 0.50661902
	average number of packets in S2 = 0.50613617
	average time a packet spent in system = 8.407879
	standard deviation for time spent in system = 3.2536123

	token drop probability = 0
	packet drop probability = 0

